// Jest Snapshot v1, https://goo.gl/fbAQLP

exports[`<App /> should match snapshot 1`] = `
<div
  className="App"
>
  <div
    className="ui container"
  >
    <h1
      className="title"
    >
       
      React Wars: 
      <br />
      Dark or Light?
    </h1>
    <div
      className="ui divider"
    />
  </div>
  <h1>
    loading
  </h1>
</div>
`;
